INFO         | Android emulator version 37.1.11.0 (build_id 15917651) (CL:N/A)
INFO         | Graphics backend: gfxstream
INFO         | Found systemPath C:\Users\Administrator\AppData\Local\Android\Sdk\system-images\android-36\google_apis\x86_64\
INFO         | Guest usage of host flag 'VulkanVirtualQueue' will be ignored.
INFO         | Increasing RAM size to 2560MB
INFO         | IPv4 server found: 172.19.0.2
INFO         | Ignore IPv6 address: e818:4be6:6802:0:c011:4be6:6802:0
INFO         | Ignore IPv6 address: e818:4be6:6802:0:c011:4be6:6802:0
INFO         | Ignore IPv6 address: e818:4be6:6802:0:c011:4be6:6802:0
INFO         | Ignore IPv6 address: d81e:4be6:6802:0:c011:4be6:6802:0
INFO         | Ignore IPv6 address: d81e:4be6:6802:0:c011:4be6:6802:0
INFO         | Ignore IPv6 address: d81e:4be6:6802:0:c011:4be6:6802:0
INFO         | Ignore IPv6 address: c824:4be6:6802:0:c011:4be6:6802:0
INFO         | Ignore IPv6 address: c824:4be6:6802:0:c011:4be6:6802:0
INFO         | Ignore IPv6 address: c824:4be6:6802:0:c011:4be6:6802:0
INFO         | Ignore IPv6 address: 1039:4be6:6802:0:c011:4be6:6802:0
INFO         | Ignore IPv6 address: 1039:4be6:6802:0:c011:4be6:6802:0
INFO         | Ignore IPv6 address: 1039:4be6:6802:0:c011:4be6:6802:0
INFO         | Guest GLES Driver: Auto (ext controls)
INFO         | emuglConfig_init: vulkan_mode_selected:swiftshader gles_mode_selected:swiftshader
INFO         | Checking system compatibility:
INFO         |   Checking: hasCompatibleHypervisor
INFO         |      Ok: Hypervisor compatibility to run avd: `Pixel_8` are met
INFO         |   Checking: hasSufficientSystem
INFO         |      Ok: System requirements to run avd: `Pixel_8` are met
INFO         |   Checking: hasSufficientHwGpu
INFO         |      Ok: Hardware GPU compatibility checks are not required
INFO         |   Checking: hasSufficientDiskSpace
INFO         |      Ok: Disk space requirements to run avd: `Pixel_8` are met
INFO         | Storing crashdata in: C:\Users\Administrator\AppData\Local\Temp\\AndroidEmulator\emu-crash-37.1.11.db, detection is enabled for process: 112740
INFO         | Initializing gfxstream backend
INFO         | startOpenglesRendererImpl: gpu info
INFO         | GPU #1
  Make: 10de
  Model: NVIDIA GeForce GTX 1070
  Device ID: 1b81

INFO         | Disabling implicit Vulkan layers to avoid compatibility issues. Set VK_LOADER_LAYERS_DISABLE manually to disable this behavior.
INFO         | initIcdPaths: ICD set to 'swiftshader', using Swiftshader ICD
INFO         | initIcdPaths: Resolved SwiftShader driver DLL path for direct loading: C:\Users\Administrator\AppData\Local\Android\Sdk\emulator\lib64\vulkan\vk_swiftshader.dll
INFO         | getPossibleLoaderPaths: Bypassing Vulkan Loader, using direct driver path: C:\Users\Administrator\AppData\Local\Android\Sdk\emulator\lib64\vulkan\vk_swiftshader.dll
INFO         | SharedLibrary::open for [C:\Users\Administrator\AppData\Local\Android\Sdk\emulator\lib64\vulkan\vk_swiftshader.dll]
INFO         | Added library: C:\Users\Administrator\AppData\Local\Android\Sdk\emulator\lib64\vulkan\vk_swiftshader.dll
INFO         | Selecting Vulkan device: SwiftShader Device (LLVM 10.0.0), Version: 1.2.0
INFO         | Using Vulkan externalMemoryMode: HostAllocation for VkEmulation
INFO         | Initializing VkEmulation features:
INFO         |     glInteropSupported: false
INFO         |     useDeferredCommands: true
INFO         |     createResourceWithRequirements: true
INFO         |     useVulkanComposition: false
INFO         |     useVulkanNativeSwapchain: false
INFO         |     enable guestRenderDoc: false
INFO         |     ASTC LDR emulation mode: Gpu
INFO         |     enable ETC2 emulation: true
INFO         |     enable Ycbcr emulation: false
INFO         |     guestVulkanOnly: false
INFO         |     useDedicatedAllocations: false
INFO         |     guestVulkanMaxApiVersion: 1.3.0
INFO         |     enableProtectedMemoryEmulation: false
INFO         | Graphics Adapter Vendor Google (Google Inc.)
INFO         | Graphics Adapter Android Emulator OpenGL ES Translator (Google SwiftShader)
INFO         | Graphics API Version OpenGL ES 3.0 (OpenGL ES 3.0 SwiftShader 4.0.0.1)
INFO         | Graphics API Extensions GL_OES_EGL_sync GL_OES_EGL_image GL_OES_EGL_image_external GL_OES_depth24 GL_OES_depth32 GL_OES_element_index_uint GL_OES_texture_float GL_OES_texture_float_linear GL_OES_compressed_paletted_texture GL_OES_compressed_ETC1_RGB8_texture GL_OES_depth_texture GL_OES_texture_half_float GL_OES_texture_half_float_linear GL_OES_packed_depth_stencil GL_OES_vertex_half_float GL_OES_standard_derivatives GL_OES_texture_npot GL_OES_rgb8_rgba8 GL_EXT_color_buffer_float GL_EXT_color_buffer_half_float GL_EXT_texture_format_BGRA8888 GL_APPLE_texture_format_BGRA8888 
INFO         | Graphics Device Extensions N/A
INFO         | Disabling sparse binding feature support
INFO         | Sending adb public key [QAAAAM2JQlD7dJpP03ii3E7a5PG90+izQhV4JKShGwVExtibeMzfzJly/uzu76KgmdHObVO6dpKVVJhPnRcNhPk+MAZbHP+woGDFIMfTAt7tzMdPWwpEGTBoPXK0RIkSwY00XbP1BdkkXLKFDruaOqj67ZW/ULKf4NnA91erQMqn/Y3AJO2h0r4yGs6Npxx+C3/PKAiK44CaJ7pDDJK2PnKjKTV0Ewbuy7Z3hmT5durrIw1gkx6x0Zc3kE9Sq60+2e76qW3dXYtxmS+GzeJajW1ajF089Nofvhx8UQ+r3SdLPQNRaTbb70ykr8XZ3D7N+YhnwQkmdBM/z04WH4SygEU3nyIdDRfAcPuJQfil6lHYDsP/uMJHGGzlw+6cUK5+xBF2QQcsIqra41ShlaNG9fTuOZI6E1br2IRwH5oCoNqUur6CFhetLMEQO5+aXnCkxwws43WbjGeque0REhOOE1KYi3hh7gWYE0hUZOiCGdIMKSa4iUpeqVm/2eKqRnXy6R9iOK03E8jaSqFuvY0rfaB+a/bwKiT9BNamjjhMfLbDkp2a4/ujqtzwai0hgg4aPjQIio5ec5SZVCPYN4zwwPrUB9UOX7+MxSjWK4jxh/n9r+pKclfAKNDi9Haq20t3OKcNv37jF6WcoRMHjeF2S0mVdTmJhR2Uf1heGmQl/eoJSXPsJCB7sAEAAQA= @unknown]
INFO         | Userspace boot properties:
INFO         |   androidboot.boot_devices=pci0000:00/0000:00:03.0 pci0000:00/0000:00:06.0
INFO         |   androidboot.dalvik.vm.heapsize=576m
INFO         |   androidboot.debug.hwui.renderer=skiagl
INFO         |   androidboot.debug.sf.nobootanimation=1
INFO         |   androidboot.hardware=ranchu
INFO         |   androidboot.hardware.gltransport=pipe
INFO         |   androidboot.hardware.vulkan=ranchu
INFO         |   androidboot.logcat=*:V
INFO         |   androidboot.opengles.version=196608
INFO         |   androidboot.qemu=1
INFO         |   androidboot.qemu.adb.pubkey=QAAAAM2JQlD7dJpP03ii3E7a5PG90+izQhV4JKShGwVExtibeMzfzJly/uzu76KgmdHObVO6dpKVVJhPnRcNhPk+MAZbHP+woGDFIMfTAt7tzMdPWwpEGTBoPXK0RIkSwY00XbP1BdkkXLKFDruaOqj67ZW/ULKf4NnA91erQMqn/Y3AJO2h0r4yGs6Npxx+C3/PKAiK44CaJ7pDDJK2PnKjKTV0Ewbuy7Z3hmT5durrIw1gkx6x0Zc3kE9Sq60+2e76qW3dXYtxmS+GzeJajW1ajF089Nofvhx8UQ+r3SdLPQNRaTbb70ykr8XZ3D7N+YhnwQkmdBM/z04WH4SygEU3nyIdDRfAcPuJQfil6lHYDsP/uMJHGGzlw+6cUK5+xBF2QQcsIqra41ShlaNG9fTuOZI6E1br2IRwH5oCoNqUur6CFhetLMEQO5+aXnCkxwws43WbjGeque0REhOOE1KYi3hh7gWYE0hUZOiCGdIMKSa4iUpeqVm/2eKqRnXy6R9iOK03E8jaSqFuvY0rfaB+a/bwKiT9BNamjjhMfLbDkp2a4/ujqtzwai0hgg4aPjQIio5ec5SZVCPYN4zwwPrUB9UOX7+MxSjWK4jxh/n9r+pKclfAKNDi9Haq20t3OKcNv37jF6WcoRMHjeF2S0mVdTmJhR2Uf1heGmQl/eoJSXPsJCB7sAEAAQA= @unknown
INFO         |   androidboot.qemu.avd_name=Pixel_8
INFO         |   androidboot.qemu.camera_hq_edge_processing=0
INFO         |   androidboot.qemu.camera_protocol_ver=1
INFO         |   androidboot.qemu.cpuvulkan.version=4206592
INFO         |   androidboot.qemu.gltransport.drawFlushInterval=800
INFO         |   androidboot.qemu.gltransport.name=pipe
INFO         |   androidboot.qemu.hwcodec.avcdec=2
INFO         |   androidboot.qemu.hwcodec.hevcdec=2
INFO         |   androidboot.qemu.hwcodec.vpxdec=2
INFO         |   androidboot.qemu.settings.system.screen_off_timeout=2147483647
INFO         |   androidboot.qemu.skin=pixel_8
INFO         |   androidboot.qemu.virtiowifi=1
INFO         |   androidboot.qemu.vsync=60
INFO         |   androidboot.serialno=EMULATOR37X1X11X0
INFO         |   androidboot.vbmeta.digest=7466b5c28e6a3e1427b22ed2c317c6c7066294bde838d4d5243cce5d37992bd5
INFO         |   androidboot.vbmeta.hash_alg=sha256
INFO         |   androidboot.vbmeta.size=6848
INFO         |   androidboot.veritymode=enforcing
WHPX on Windows 10.0.22631 detected.
Windows Hypervisor Platform accelerator is operational
netsimd I 08-14 01:52:25.391 external/netsim+/rust/daemon/src\rust_main.rs:93 - netsim artifacts path: "C:\\Users\\Administrator\\AppData\\Local\\Temp\\netsimd"
netsimd I 08-14 01:52:25.391 external/netsim+/rust/daemon/src\rust_main.rs:96 - NetsimdArgs {
    fd_startup_str: None,
    no_cli_ui: true,
    no_web_ui: true,
    pcap: false,
    disable_address_reuse: false,
    hci_port: None,
    connector_instance: None,
    instance: None,
    logtostderr: false,
    dev: false,
    forward_host_mdns: false,
    vsock: None,
    config: None,
    host_dns: Some(
        "172.19.0.2",
    ),
    http_proxy: Some(
        "http://127.0.0.1:7890",
    ),
    wifi_tap: None,
    wifi: None,
    test_beacons: false,
    no_test_beacons: false,
    no_shutdown: false,
    verbose: false,
    version: false,
    debug: DebugArgs {
        debug_no_traffic: false,
        debug_no_network: false,
        debug_no_wmedium: false,
        debug_no_mdns_wmedium: false,
        debug_no_guest_to_host_mdns: false,
    },
    rssi: None,
}
INFO         | Monitoring duration of emulator setup.
WARNING      | The emulator now requires a signed jwt token for gRPC access! Use the -grpc flag if you really want an open unprotected grpc port
INFO         | Using security allow list from: C:\Users\Administrator\AppData\Local\Android\Sdk\emulator\lib\emulator_access.json
INFO         | The active JSON Web Key Sets can be found here: C:\Users\Administrator\AppData\Local\Temp\avd\running\112740\jwks\6f14e35b-4321-4fb5-9b89-c660f6681f93\active.jwk
INFO         | Scanning C:\Users\Administrator\AppData\Local\Temp\avd\running\112740\jwks\6f14e35b-4321-4fb5-9b89-c660f6681f93 for jwk keys.
INFO         | Started GRPC server at 127.0.0.1:8554, security: Local, auth: +token
INFO         | Advertising in: C:\Users\Administrator\AppData\Local\Temp\avd\running\pid_112740.ini
WARNING      | Downloaded protobuf file is corrupt.
INFO         | Activated packet streamer for bluetooth emulation
INFO         | Activated packet streamer for uwb emulation
INFO         | Successfully initialized netsim WiFi
INFO         | Setting display: 0 configuration to: 1080x2400, dpi: 420x420 
INFO         | setDisplayActiveConfig: id:0, 1080x2400
WARNING      | getEnvironmentConfig: No environment config is provided
INFO         | getEnvironmentConfig: Using default virtual scene mode for the environment.
INFO         | getEnvironmentConfig: Using default configuration for mode mesh3d for the environment.
INFO         | Initializing a scene with mode: mesh3d, argument: Toren1BD.obj
USER_INFO    | Emulator is performing a full startup. This may take upto two minutes, or more.
WARNING      | Failed to process .ini file C:\Users\Administrator\.android\emu-update-last-check.ini for reading.
WARNING      | UpdateCheck: Failure: SSL connect error
WARNING      | UpdateCheck: failed to get the latest version, skipping check (current version '37.1.11-15917651')
INFO         | Boot completed in 42794 ms
